// Jest Snapshot v1, https://goo.gl/fbAQLP

exports[`renders correctly 1`] = `
<RCTSafeAreaView
  emulateUnlessSupported={true}
  style={
    Object {
      "backgroundColor": "#eee",
      "flex": 1,
    }
  }
>
  <View
    style={
      Object {
        "flexDirection": "row",
        "marginTop": 25,
      }
    }
  >
    <TextInput
      allowFontScaling={true}
      onChangeText={[Function]}
      placeholder="Search"
      rejectResponderTermination={true}
      style={
        Object {
          "borderRadius": 5,
          "borderWidth": 1,
          "fontFamily": "monospace",
          "fontSize": 16,
          "fontWeight": "bold",
          "height": 50,
          "margin": 20,
          "padding": 10,
          "width": "75%",
        }
      }
      underlineColorAndroid="transparent"
      value=""
    />
    <View
      accessible={true}
      focusable={true}
      onClick={[Function]}
      onResponderGrant={[Function]}
      onResponderMove={[Function]}
      onResponderRelease={[Function]}
      onResponderTerminate={[Function]}
      onResponderTerminationRequest={[Function]}
      onStartShouldSetResponder={[Function]}
      style={
        Object {
          "alignItems": "center",
          "alignSelf": "center",
          "borderColor": "#121",
          "borderRadius": 5,
          "borderWidth": 1,
          "height": 50,
          "opacity": 1,
          "width": 50,
        }
      }
    >
      <Text
        style={
          Object {
            "fontSize": 30,
          }
        }
      >
        +
      </Text>
    </View>
  </View>
  <View
    style={
      Object {
        "backgroundColor": "#000",
        "height": 2,
        "marginHorizontal": 25,
      }
    }
  />
  <RCTScrollView>
    <View />
  </RCTScrollView>
</RCTSafeAreaView>
`;
